version https://git-lfs.github.com/spec/v1
oid sha256:0889b5ee3f9ff48942ad935e6981450dbbc16c6d2045fb7d98e17cb90eed583b
size 11
