version https://git-lfs.github.com/spec/v1
oid sha256:cadf7de783f77796f3e26b6cad80d56239e420add88012ece54fae144fe49138
size 11
