version https://git-lfs.github.com/spec/v1
oid sha256:ef05c2ffe5bc2b4b41f9d5c557204554b4a7f803c5fa840e4a368feff7f0307d
size 11
