version https://git-lfs.github.com/spec/v1
oid sha256:ed74f830f2be4388010616b35922fda4470a0bc1e154eb84a9205b8e22f65ea3
size 40782
