version https://git-lfs.github.com/spec/v1
oid sha256:c632b6246a611b0c092b436246b866c78e47227fded5bd86498e6be6d97a1be4
size 50616
