version https://git-lfs.github.com/spec/v1
oid sha256:2addc67868c9944edfb2ce82d6ca10bbfb61e8d863287d27454805ed500a50ff
size 22012
