version https://git-lfs.github.com/spec/v1
oid sha256:29802ae7e44f8c0ea6379fad5c06ae2b6ec7ddc97c4272e53b2411cb35642006
size 10993
