version https://git-lfs.github.com/spec/v1
oid sha256:40d143c08db3600084ff99f80b01d81b692d8b34f0e90c432c4baa50eae405b9
size 5512
