version https://git-lfs.github.com/spec/v1
oid sha256:b45f2cfb3d6bba78b4540643589eba7f79b16f93e85683311bc95e0767e143a7
size 44
