version https://git-lfs.github.com/spec/v1
oid sha256:c849d889be8bdf21b83ca4549db00022e4bc7be8943c652d80cf244e0c3e6d16
size 289505
