version https://git-lfs.github.com/spec/v1
oid sha256:d73956a831da1c941ddafc45fa17c604c8dc8c088301e9faf46212caaa5ab6f8
size 9947448
