version https://git-lfs.github.com/spec/v1
oid sha256:10b404468bbd168b56f781752cbddeb82fbe2b2b8049f89333a703c583db7397
size 58
