version https://git-lfs.github.com/spec/v1
oid sha256:8c0d7bbb4e774009807a7b784480758271752aabf5a2ba1909fc0fe6ec210617
size 11
