version https://git-lfs.github.com/spec/v1
oid sha256:bc44f3635e8466f7fc8e3d2b9c8025c609813265b7885c31f155e8a7d69f4fb3
size 12
