version https://git-lfs.github.com/spec/v1
oid sha256:877e8c168cdaa7edaef482ff29ac55644140da371a0c83eb5678226b4dc37070
size 8
