version https://git-lfs.github.com/spec/v1
oid sha256:bb1ce4b1f9f84fe1ac69621bbb39e7b8c87278625714e53949ac51e54d5de051
size 1280011
