version https://git-lfs.github.com/spec/v1
oid sha256:0c4bc6c22966cb063c00c91bfbe0c232a0da5535a5b5f675b66a7d7fff30c090
size 422
