version https://git-lfs.github.com/spec/v1
oid sha256:f6805245a9a500ebd32b958b92e3e1636b1fb451dab8d52b263f47e82e886951
size 86622
