version https://git-lfs.github.com/spec/v1
oid sha256:6e4f5cb0f53239110bf69d29f1b251300bfedb91dabacb2830745c6719693a24
size 2552
