version https://git-lfs.github.com/spec/v1
oid sha256:aa66a64dcf9c571e1ce42a8bb364aae1072753781de18db8e4e9e031745c27e5
size 9
