version https://git-lfs.github.com/spec/v1
oid sha256:9971efef3906598c3ea892926a0d76f4a9f29ee769902dbfc070a57dfc0198b8
size 10
