version https://git-lfs.github.com/spec/v1
oid sha256:f937e862f6b7714353908727614f88613511eda722c1324b4e1047785d298beb
size 18
