version https://git-lfs.github.com/spec/v1
oid sha256:1f353b4c023fea7eb4a6c755b7ab241ae22dd793279299f81e95036aa392e257
size 18
