version https://git-lfs.github.com/spec/v1
oid sha256:d4ca2f722a4a1fc908fae7f3da99fe194d0b69bad5b16dc99a113be3ce305b37
size 221
