version https://git-lfs.github.com/spec/v1
oid sha256:b8577cda99ed6581c84f4814e551fbff8c871c87254ed494604415a858363c8d
size 2418
