version https://git-lfs.github.com/spec/v1
oid sha256:360c59c6df8acbae97081a2cd0bb8f1a4ef0cf4a867e25980ae03bd6ce894968
size 219
