version https://git-lfs.github.com/spec/v1
oid sha256:e35790dbe1063e8d6155a039c83efd5769a25c632433b799b022ea1b92fe2c8b
size 24
