version https://git-lfs.github.com/spec/v1
oid sha256:9cba191fa98f3426dd1c3d596937c330b5b2086b04a6bf01e37831d03db47546
size 26
