version https://git-lfs.github.com/spec/v1
oid sha256:61cb731f1d8aa924497feae401930af3a2aa62c338327a97795487ce20dfaab4
size 50
