version https://git-lfs.github.com/spec/v1
oid sha256:c6ab67dbf351e88bad44f8f58b8b14a5035397f0e72eba1f231e02e83cccecea
size 36
