version https://git-lfs.github.com/spec/v1
oid sha256:f806303798b174abc7853416fb358825b8b2b759fe6fd8d05c6192d90139c01e
size 34
