version https://git-lfs.github.com/spec/v1
oid sha256:319b2dae44b434beda8d0152026111cb105ceb1c8c647bdc7714845fee7345f6
size 399
