version https://git-lfs.github.com/spec/v1
oid sha256:7ba1f88561d0ad1bbf5bc565bcc5a304952f80d56515956289e63f1ebc8a57e1
size 94
