version https://git-lfs.github.com/spec/v1
oid sha256:113e742df2af4e727ca95ba3ce454800bb6b59f4f3e936df25a68d015e7aa546
size 8
