version https://git-lfs.github.com/spec/v1
oid sha256:ecc118b8b9aff36bc29148a0318d9107f40469150eeec394756560342c4deea9
size 8
