version https://git-lfs.github.com/spec/v1
oid sha256:9668e01c9c5c0969d737efc1ee7b3b56ab1e026639d6c48eec16f27c2c63368b
size 7
