version https://git-lfs.github.com/spec/v1
oid sha256:d74a794e31921ad4760060b924bc8ffb042dea2516d5bfc38a6e0d1a172a357d
size 13
