version https://git-lfs.github.com/spec/v1
oid sha256:422d7aeadcc54516e1a353e00996253558e467dbe7dd055a64efc0d62649b831
size 7
