version https://git-lfs.github.com/spec/v1
oid sha256:f806b0c98bcf665df259ec7e13cd9a0ef5cd9e496d3ac0f599bfbe448610cfde
size 11
