version https://git-lfs.github.com/spec/v1
oid sha256:5858bdf289b1b5c17186c0ea5bce009697f5557a684b90ac78855e0e32e4dedc
size 11
