version https://git-lfs.github.com/spec/v1
oid sha256:ffabea0fcff33a4e1ee7563d8413496a0aa8c253cb074bd4c53f77a8102a0ccf
size 288895
