version https://git-lfs.github.com/spec/v1
oid sha256:81d9cc6164143d3485fbe50e84de894c88644679c6822a10ba5e78597c54c9b4
size 588894
