version https://git-lfs.github.com/spec/v1
oid sha256:d92fd3bae3ca8b1db957b618a14f1e8d747d1dc3879b57e8a4eeb8706c3b7fb9
size 588901
