version https://git-lfs.github.com/spec/v1
oid sha256:b478e50347cd916bfd27f5fdc9ddce69f5fd82c305f0dd6cea053a1d18c29548
size 1797
