version https://git-lfs.github.com/spec/v1
oid sha256:b7d29e0f0fa4bf8cfbd678958c009d17f46d31d8ecc0f6f6f2cbae98a7c980e2
size 2297
