version https://git-lfs.github.com/spec/v1
oid sha256:783644a474daf583b6128b07e7f7bb1824f296571dce2cfc8b110f36ec5b7465
size 797
