version https://git-lfs.github.com/spec/v1
oid sha256:80b97a46b795a443cbca4732dc7122cfdd2bf8a730b9da7caf51c8ca481d131a
size 23
