version https://git-lfs.github.com/spec/v1
oid sha256:42e8d8752e313c486e40d19e1e26337a1e0c033907f938f10f7f6ecd03ace80a
size 3093436
