version https://git-lfs.github.com/spec/v1
oid sha256:e9e95c09e33ce8246dc4b47c7f33db12250043c718e4681b971fb5e999161d23
size 12
