version https://git-lfs.github.com/spec/v1
oid sha256:43579d9bbcfa33af6eac4a1676cdcb698ff51760dc6abb545012c5e39cbaaf12
size 220
